Train command: uv run python evaluate.py --model sgns --epochs 100 --dim 300 --neg 10 --lr 0.025 --tokens 17000000

Vocab size: 71280
Training pairs: 41,591,638
Batch size: 512
Epoch 1/100, Loss: 3.2100
Epoch 2/100, Loss: 2.8154
Epoch 3/100, Loss: 2.6818
Epoch 4/100, Loss: 2.5902
Epoch 5/100, Loss: 2.5266
Epoch 6/100, Loss: 2.4822
Epoch 7/100, Loss: 2.4498
Epoch 8/100, Loss: 2.4259
Epoch 9/100, Loss: 2.4078
Epoch 10/100, Loss: 2.3933
Epoch 11/100, Loss: 2.3820
Epoch 12/100, Loss: 2.3730
Epoch 13/100, Loss: 2.3654
Epoch 14/100, Loss: 2.3593
Epoch 15/100, Loss: 2.3539
Epoch 16/100, Loss: 2.3494
Epoch 17/100, Loss: 2.3455
Epoch 18/100, Loss: 2.3420
Epoch 19/100, Loss: 2.3390
Epoch 20/100, Loss: 2.3362
Epoch 21/100, Loss: 2.3338
Epoch 22/100, Loss: 2.3316
Epoch 23/100, Loss: 2.3296
Epoch 24/100, Loss: 2.3279
Epoch 25/100, Loss: 2.3262
Epoch 26/100, Loss: 2.3245
Epoch 27/100, Loss: 2.3233
Epoch 28/100, Loss: 2.3220
Epoch 29/100, Loss: 2.3209
Epoch 30/100, Loss: 2.3196
Epoch 31/100, Loss: 2.3185
Epoch 32/100, Loss: 2.3176
Epoch 33/100, Loss: 2.3167
Epoch 34/100, Loss: 2.3160
Epoch 35/100, Loss: 2.3152
Epoch 36/100, Loss: 2.3144
Epoch 37/100, Loss: 2.3135
Epoch 38/100, Loss: 2.3131
Epoch 39/100, Loss: 2.3123
Epoch 40/100, Loss: 2.3117
Epoch 41/100, Loss: 2.3111
Epoch 42/100, Loss: 2.3107
Epoch 43/100, Loss: 2.3101
Epoch 44/100, Loss: 2.3097
Epoch 45/100, Loss: 2.3093
Epoch 46/100, Loss: 2.3087
Epoch 47/100, Loss: 2.3084
Epoch 48/100, Loss: 2.3080
Epoch 49/100, Loss: 2.3076
Epoch 50/100, Loss: 2.3073
Epoch 51/100, Loss: 2.3070
Epoch 52/100, Loss: 2.3065
Epoch 53/100, Loss: 2.3061
Epoch 54/100, Loss: 2.3061
Epoch 55/100, Loss: 2.3057
Epoch 56/100, Loss: 2.3054
Epoch 57/100, Loss: 2.3051
Epoch 58/100, Loss: 2.3049
Epoch 59/100, Loss: 2.3046
Epoch 60/100, Loss: 2.3043
Epoch 61/100, Loss: 2.3041
Epoch 62/100, Loss: 2.3039
Epoch 63/100, Loss: 2.3035
Epoch 64/100, Loss: 2.3034
Epoch 65/100, Loss: 2.3031
Epoch 66/100, Loss: 2.3033
Epoch 67/100, Loss: 2.3029
Epoch 68/100, Loss: 2.3024
Epoch 69/100, Loss: 2.3025
Epoch 70/100, Loss: 2.3024
Epoch 71/100, Loss: 2.3023
Epoch 72/100, Loss: 2.3020
Epoch 73/100, Loss: 2.3021
Epoch 74/100, Loss: 2.3016
Epoch 75/100, Loss: 2.3017
Epoch 76/100, Loss: 2.3016
Epoch 77/100, Loss: 2.3013
Epoch 78/100, Loss: 2.3013
Epoch 79/100, Loss: 2.3012
Epoch 80/100, Loss: 2.3011
Epoch 81/100, Loss: 2.3009
Epoch 82/100, Loss: 2.3009
Epoch 83/100, Loss: 2.3008
Epoch 84/100, Loss: 2.3007
Epoch 85/100, Loss: 2.3008
Epoch 86/100, Loss: 2.3004
Epoch 87/100, Loss: 2.3003
Epoch 88/100, Loss: 2.3005
Epoch 89/100, Loss: 2.3001
Epoch 90/100, Loss: 2.3001
Epoch 91/100, Loss: 2.2999
Epoch 92/100, Loss: 2.3000
Epoch 93/100, Loss: 2.2998
Epoch 94/100, Loss: 2.2997
Epoch 95/100, Loss: 2.2995
Epoch 96/100, Loss: 2.2996
Epoch 97/100, Loss: 2.2995
Epoch 98/100, Loss: 2.2994
Epoch 99/100, Loss: 2.2995
Epoch 100/100, Loss: 2.2995

Results:
Train time: 17903.1s
Vocab size: 71,280
Loss: [3.2099736580420215, 2.8154006578154704, 2.681758434756568, 2.590206068460047, 2.5266163782892272, 2.4822277572832343, 2.449826792821256, 2.4258791400419795, 2.4077506108564135, 2.3933291901682026, 2.381986228814571, 2.373011966382579, 2.3653720688073627, 2.3592587974032377, 2.3539082317844455, 2.349372006730774, 2.345489784610513, 2.341986138833474, 2.3389809638342824, 2.3362348240355173, 2.3337887104942316, 2.331611018753147, 2.329636819506807, 2.3279179734932196, 2.326177404847927, 2.32451382948136, 2.3233278639728456, 2.321982833003929, 2.320859725661592, 2.3195517302296507, 2.3185448074615316, 2.3176116679424177, 2.3167330962631345, 2.31597413678836, 2.3151505485592763, 2.314414808059448, 2.3134924226049085, 2.313146947699525, 2.312302842716729, 2.3116763676688437, 2.3110605765775385, 2.310710085458468, 2.3100939595584573, 2.309713636546894, 2.3092766645088507, 2.3086951289539357, 2.3084177136157025, 2.30800387737775, 2.3075706864098424, 2.3072875508766915, 2.306976175618451, 2.3065063875160003, 2.3061006016481103, 2.3060657684851678, 2.3056650376216385, 2.305359436051362, 2.3050821311130023, 2.3048784385437675, 2.3046172805644707, 2.304282034371279, 2.304084782924761, 2.3038883486577806, 2.303546050035981, 2.303409428461427, 2.303084132209344, 2.303340232100323, 2.3028691310962577, 2.302382668802704, 2.3024657739057686, 2.302385947788844, 2.302339280035363, 2.302038680820144, 2.3021175249017958, 2.3015825173691176, 2.3017026843086037, 2.301596224325989, 2.3013094436530155, 2.301334867245845, 2.301191538566795, 2.3011432385998263, 2.3008598483777813, 2.300938007022784, 2.3007637818804128, 2.3007036025004255, 2.3007975663630083, 2.300424153257984, 2.3003263627235313, 2.3004582490848318, 2.3001173041284746, 2.300095665652013, 2.2999048244082996, 2.299950919533145, 2.299778925735238, 2.299676333741288, 2.2995232016350204, 2.2995773295514317, 2.2994883158970167, 2.2993517437194675, 2.2994932363330225, 2.2994755728924883]
WordSim-353: spearman rho=0.686 (351/353)
SimLex-999: spearman rho=0.231 (992/999)
Analogy: 3.1% (556/17827)

Analogy by category:
gram8-plural: 19.4% (259/1332)
city-in-state: 3.9% (91/2330)
gram5-present-participle: 3.0% (32/1056)
family: 2.9% (12/420)
gram6-nationality-adjective: 2.5% (38/1521)
capital-world: 1.8% (65/3564)
capital-common-countries: 1.6% (8/506)
gram7-past-tense: 1.3% (20/1560)
gram1-adjective-to-adverb: 1.2% (12/992)
gram9-plural-verbs: 1.1% (10/870)
gram3-comparative: 0.5% (6/1332)
gram2-opposite: 0.3% (2/756)
gram4-superlative: 0.1% (1/992)
currency: 0.0% (0/596)


==============
JOB STATISTICS
==============

JobID             State     AveRSS     MaxRSS
------------ ---------- ---------- ----------
5062144       COMPLETED
5062144.bat+  COMPLETED   4419312K   4419312K
5062144.ext+  COMPLETED         4K         4K

Job ID: 5062144
Cluster: umbrella
User/Group: 20231193/umbrella
State: COMPLETED (exit code 0)
Nodes: 1
Cores per node: 8
CPU Utilized: 1-07:50:48
CPU Efficiency: 79.81% of 1-15:54:16 core-walltime
Job Wall-clock time: 04:59:17
Memory Utilized: 4.21 GB
Memory Efficiency: 13.17% of 32.00 GB

If "OOM Killed" appears in the job output, or if any job step state
is "OUT_OF_MEMORY", you may have requested too little memory. Please
see https://supercomputing.tue.nl/documentation/kb/slurm/6/ for more
information.
