Train command: uv run python evaluate.py --model sgns --epochs 100 --dim 300 --neg 10 --lr 0.025 --tokens 17000000

Vocab size: 71280
Training pairs: 41,591,638
Batch size: 512
Epoch 1/100, Loss: 3.2105
Epoch 2/100, Loss: 2.8163
Epoch 3/100, Loss: 2.6822
Epoch 4/100, Loss: 2.5892
Epoch 5/100, Loss: 2.5235
Epoch 6/100, Loss: 2.4768
Epoch 7/100, Loss: 2.4419
Epoch 8/100, Loss: 2.4153
Epoch 9/100, Loss: 2.3946
Epoch 10/100, Loss: 2.3774
Epoch 11/100, Loss: 2.3633
Epoch 12/100, Loss: 2.3516
Epoch 13/100, Loss: 2.3412
Epoch 14/100, Loss: 2.3323
Epoch 15/100, Loss: 2.3242
Epoch 16/100, Loss: 2.3170
Epoch 17/100, Loss: 2.3103
Epoch 18/100, Loss: 2.3041
Epoch 19/100, Loss: 2.2983
Epoch 20/100, Loss: 2.2929
Epoch 21/100, Loss: 2.2877
Epoch 22/100, Loss: 2.2828
Epoch 23/100, Loss: 2.2781
Epoch 24/100, Loss: 2.2736
Epoch 25/100, Loss: 2.2692
Epoch 26/100, Loss: 2.2648
Epoch 27/100, Loss: 2.2609
Epoch 28/100, Loss: 2.2568
Epoch 29/100, Loss: 2.2529
Epoch 30/100, Loss: 2.2489
Epoch 31/100, Loss: 2.2451
Epoch 32/100, Loss: 2.2414
Epoch 33/100, Loss: 2.2378
Epoch 34/100, Loss: 2.2343
Epoch 35/100, Loss: 2.2307
Epoch 36/100, Loss: 2.2273
Epoch 37/100, Loss: 2.2236
Epoch 38/100, Loss: 2.2204
Epoch 39/100, Loss: 2.2169
Epoch 40/100, Loss: 2.2135
Epoch 41/100, Loss: 2.2102
Epoch 42/100, Loss: 2.2070
Epoch 43/100, Loss: 2.2037
Epoch 44/100, Loss: 2.2005
Epoch 45/100, Loss: 2.1973
Epoch 46/100, Loss: 2.1939
Epoch 47/100, Loss: 2.1909
Epoch 48/100, Loss: 2.1877
Epoch 49/100, Loss: 2.1845
Epoch 50/100, Loss: 2.1815
Epoch 51/100, Loss: 2.1784
Epoch 52/100, Loss: 2.1751
Epoch 53/100, Loss: 2.1721
Epoch 54/100, Loss: 2.1692
Epoch 55/100, Loss: 2.1660
Epoch 56/100, Loss: 2.1629
Epoch 57/100, Loss: 2.1598
Epoch 58/100, Loss: 2.1569
Epoch 59/100, Loss: 2.1538
Epoch 60/100, Loss: 2.1507
Epoch 61/100, Loss: 2.1478
Epoch 62/100, Loss: 2.1448
Epoch 63/100, Loss: 2.1417
Epoch 64/100, Loss: 2.1387
Epoch 65/100, Loss: 2.1356
Epoch 66/100, Loss: 2.1330
Epoch 67/100, Loss: 2.1298
Epoch 68/100, Loss: 2.1266
Epoch 69/100, Loss: 2.1238
Epoch 70/100, Loss: 2.1209
Epoch 71/100, Loss: 2.1181
Epoch 72/100, Loss: 2.1150
Epoch 73/100, Loss: 2.1122
Epoch 74/100, Loss: 2.1090
Epoch 75/100, Loss: 2.1063
Epoch 76/100, Loss: 2.1034
Epoch 77/100, Loss: 2.1003
Epoch 78/100, Loss: 2.0976
Epoch 79/100, Loss: 2.0945
Epoch 80/100, Loss: 2.0917
Epoch 81/100, Loss: 2.0887
Epoch 82/100, Loss: 2.0858
Epoch 83/100, Loss: 2.0828
Epoch 84/100, Loss: 2.0800
Epoch 85/100, Loss: 2.0772
Epoch 86/100, Loss: 2.0740
Epoch 87/100, Loss: 2.0710
Epoch 88/100, Loss: 2.0683
Epoch 89/100, Loss: 2.0653
Epoch 90/100, Loss: 2.0623
Epoch 91/100, Loss: 2.0593
Epoch 92/100, Loss: 2.0564
Epoch 93/100, Loss: 2.0534
Epoch 94/100, Loss: 2.0504
Epoch 95/100, Loss: 2.0474
Epoch 96/100, Loss: 2.0446
Epoch 97/100, Loss: 2.0416
Epoch 98/100, Loss: 2.0386
Epoch 99/100, Loss: 2.0358
Epoch 100/100, Loss: 2.0329

Results:
Train time: 13888.9s
Vocab size: 71,280
Loss: [3.210492256393078, 2.8162968283852217, 2.682177871949609, 2.5891626194320763, 2.523477222646458, 2.476754070225349, 2.4418755908609304, 2.415349076387269, 2.394564343339333, 2.3774243854259653, 2.363340018927512, 2.351600696355817, 2.3411943369774155, 2.3323304229269577, 2.3242272012236933, 2.3169553229782847, 2.3103240036557806, 2.304083824224235, 2.2983460692285105, 2.2928865300222685, 2.2877061038316033, 2.2827986893584824, 2.2780867900018333, 2.2736174667317024, 2.2691708888181537, 2.2647928268916973, 2.2608504199744814, 2.2567734256159393, 2.252917592716597, 2.2488696032561393, 2.2451043201798884, 2.2414428334692014, 2.237778372931196, 2.2343180115232135, 2.230711803772857, 2.227252964444922, 2.223604810333138, 2.2204406530576795, 2.2168960614135798, 2.213518960661925, 2.2101554119844584, 2.2070052938809925, 2.203656757561227, 2.200470553551797, 2.1972778089422, 2.1939005668682507, 2.1908853162913657, 2.187708361190813, 2.1845036039387553, 2.1814901142264045, 2.1784268619522766, 2.175140759846181, 2.1720514945426896, 2.169183271599558, 2.1660247065172915, 2.1628587817877407, 2.159844335017236, 2.1568721941126547, 2.153831118080519, 2.150739883958613, 2.147761556110006, 2.144793553524734, 2.1416652728892043, 2.1386832428469162, 2.135592486385363, 2.1330461530243796, 2.1298358939753252, 2.1265715272946633, 2.1237855139820225, 2.1209387487080122, 2.1181241100552386, 2.1150059569920403, 2.1122048019927675, 2.1089729809628706, 2.1062599486201936, 2.1033552475486905, 2.1003219078653923, 2.097629967265183, 2.094509900013492, 2.0916996217063524, 2.0886726555835944, 2.0857793886653377, 2.0828177699988544, 2.079958772214702, 2.0771970353974973, 2.0740440864227616, 2.071039494947427, 2.068329462606724, 2.0652564380824003, 2.06226554663786, 2.0592786979079793, 2.0563861861914603, 2.0534126721173966, 2.0504478099908865, 2.0474397183092052, 2.0445866674235487, 2.041602528022026, 2.038600158331615, 2.035773922696779, 2.0328805387857702]
WordSim-353: spearman rho=0.690 (351/353)
SimLex-999: spearman rho=0.223 (992/999)
Analogy: 3.3% (583/17827)

Analogy by category:
gram8-plural: 20.9% (278/1332)
city-in-state: 4.3% (100/2330)
gram9-plural-verbs: 2.9% (25/870)
gram6-nationality-adjective: 2.8% (42/1521)
gram7-past-tense: 1.9% (29/1560)
capital-common-countries: 1.8% (9/506)
capital-world: 1.7% (60/3564)
family: 1.7% (7/420)
gram5-present-participle: 1.6% (17/1056)
gram1-adjective-to-adverb: 1.0% (10/992)
gram3-comparative: 0.3% (4/1332)
gram2-opposite: 0.3% (2/756)
currency: 0.0% (0/596)
gram4-superlative: 0.0% (0/992)


Train command: uv run python evaluate.py --model cbow --epochs 100 --dim 300 --neg 10 --lr 0.025 --tokens 17000000

Vocab size: 71280
Training samples: 4,669,105
Batch size: 512
Epoch 1/100, Loss: 3.9496
Epoch 2/100, Loss: 3.3222
Epoch 3/100, Loss: 3.2120
Epoch 4/100, Loss: 3.0915
Epoch 5/100, Loss: 2.9359
Epoch 6/100, Loss: 2.7896
Epoch 7/100, Loss: 2.6721
Epoch 8/100, Loss: 2.5776
Epoch 9/100, Loss: 2.4960
Epoch 10/100, Loss: 2.4232
Epoch 11/100, Loss: 2.3565
Epoch 12/100, Loss: 2.2940
Epoch 13/100, Loss: 2.2345
Epoch 14/100, Loss: 2.1780
Epoch 15/100, Loss: 2.1225
Epoch 16/100, Loss: 2.0696
Epoch 17/100, Loss: 2.0175
Epoch 18/100, Loss: 1.9673
Epoch 19/100, Loss: 1.9178
Epoch 20/100, Loss: 1.8698
Epoch 21/100, Loss: 1.8223
Epoch 22/100, Loss: 1.7766
Epoch 23/100, Loss: 1.7307
Epoch 24/100, Loss: 1.6868
Epoch 25/100, Loss: 1.6434
Epoch 26/100, Loss: 1.6017
Epoch 27/100, Loss: 1.5612
Epoch 28/100, Loss: 1.5217
Epoch 29/100, Loss: 1.4845
Epoch 30/100, Loss: 1.4478
Epoch 31/100, Loss: 1.4129
Epoch 32/100, Loss: 1.3799
Epoch 33/100, Loss: 1.3493
Epoch 34/100, Loss: 1.3180
Epoch 35/100, Loss: 1.2891
Epoch 36/100, Loss: 1.2612
Epoch 37/100, Loss: 1.2350
Epoch 38/100, Loss: 1.2101
Epoch 39/100, Loss: 1.1865
Epoch 40/100, Loss: 1.1641
Epoch 41/100, Loss: 1.1424
Epoch 42/100, Loss: 1.1225
Epoch 43/100, Loss: 1.1026
Epoch 44/100, Loss: 1.0834
Epoch 45/100, Loss: 1.0666
Epoch 46/100, Loss: 1.0497
Epoch 47/100, Loss: 1.0337
Epoch 48/100, Loss: 1.0175
Epoch 49/100, Loss: 1.0031
Epoch 50/100, Loss: 0.9892
Epoch 51/100, Loss: 0.9758
Epoch 52/100, Loss: 0.9632
Epoch 53/100, Loss: 0.9513
Epoch 54/100, Loss: 0.9392
Epoch 55/100, Loss: 0.9281
Epoch 56/100, Loss: 0.9175
Epoch 57/100, Loss: 0.9071
Epoch 58/100, Loss: 0.8971
Epoch 59/100, Loss: 0.8878
Epoch 60/100, Loss: 0.8794
Epoch 61/100, Loss: 0.8700
Epoch 62/100, Loss: 0.8617
Epoch 63/100, Loss: 0.8542
Epoch 64/100, Loss: 0.8462
Epoch 65/100, Loss: 0.8398
Epoch 66/100, Loss: 0.8320
Epoch 67/100, Loss: 0.8253
Epoch 68/100, Loss: 0.8184
Epoch 69/100, Loss: 0.8121
Epoch 70/100, Loss: 0.8068
Epoch 71/100, Loss: 0.8012
Epoch 72/100, Loss: 0.7947
Epoch 73/100, Loss: 0.7894
Epoch 74/100, Loss: 0.7854
Epoch 75/100, Loss: 0.7797
Epoch 76/100, Loss: 0.7752
Epoch 77/100, Loss: 0.7712
Epoch 78/100, Loss: 0.7675
Epoch 79/100, Loss: 0.7623
Epoch 80/100, Loss: 0.7588
Epoch 81/100, Loss: 0.7552
Epoch 82/100, Loss: 0.7514
Epoch 83/100, Loss: 0.7483
Epoch 84/100, Loss: 0.7451
Epoch 85/100, Loss: 0.7421
Epoch 86/100, Loss: 0.7393
Epoch 87/100, Loss: 0.7359
Epoch 88/100, Loss: 0.7342
Epoch 89/100, Loss: 0.7311
Epoch 90/100, Loss: 0.7292
Epoch 91/100, Loss: 0.7263
Epoch 92/100, Loss: 0.7247
Epoch 93/100, Loss: 0.7229
Epoch 94/100, Loss: 0.7207
Epoch 95/100, Loss: 0.7195
Epoch 96/100, Loss: 0.7179
Epoch 97/100, Loss: 0.7162
Epoch 98/100, Loss: 0.7154
Epoch 99/100, Loss: 0.7142
Epoch 100/100, Loss: 0.7139

Results:
Train time: 2309.4s
Vocab size: 71,280
Loss: [3.9496172118386434, 3.322221069555386, 3.2119510908256577, 3.0914654298604813, 2.9358938491622526, 2.789629832380033, 2.6721466965633196, 2.5776035206296237, 2.49600020850097, 2.423240893039764, 2.3564527092653114, 2.293994681960693, 2.234502259015171, 2.178002921015218, 2.1225043205594907, 2.0696028068541743, 2.017482419654594, 1.9672665615022245, 1.9177843567547834, 1.8698162270390684, 1.8223450546580142, 1.7765865111030719, 1.7307300564990327, 1.686836208212155, 1.643404066153814, 1.6017132076074903, 1.5611665815284863, 1.5217429443666057, 1.4844583276851324, 1.447752180742715, 1.4129498624118837, 1.3798998064474997, 1.3493165296837402, 1.3179760994138205, 1.2891126624523637, 1.2612133922054405, 1.2350360552876185, 1.2100666009256906, 1.186494786250105, 1.1641328485574887, 1.142423628734494, 1.1225450183558607, 1.102626604439086, 1.0834392728061049, 1.0666219858578232, 1.0497163340172935, 1.0337369727975947, 1.0174673358400466, 1.0030892986432027, 0.9892406632362607, 0.9758412561414063, 0.9631561225094819, 0.9512508722593073, 0.9391725692710656, 0.928147692122543, 0.9174717085328142, 0.9070560196510754, 0.8970807085167691, 0.8877612668358064, 0.8794094521480545, 0.8699942611335715, 0.861698607083933, 0.8542203304854319, 0.8462488400546654, 0.8397774540127378, 0.831986197759156, 0.8253349831732318, 0.8183909664670722, 0.8121470362727214, 0.8067840612764619, 0.801243150576361, 0.7947235081988043, 0.7894027116317007, 0.7853857365636855, 0.7796867731273743, 0.7751878029510237, 0.7712498611592455, 0.7674846414368001, 0.7623138654162064, 0.7588375913276939, 0.7552219932643724, 0.7514242556172046, 0.7482668317489807, 0.7451115807085382, 0.7420624364866029, 0.7392806503523067, 0.7358933639197509, 0.7341626738487784, 0.7310671356907531, 0.7292174360135656, 0.7263403663188347, 0.7246540832359719, 0.7228722230989978, 0.7206678250889447, 0.7194701604011979, 0.7178556745439277, 0.7161557232878905, 0.7153859616824345, 0.7141644973595982, 0.7139149350598613]
WordSim-353: spearman rho=0.688 (351/353)
SimLex-999: spearman rho=0.260 (992/999)
Analogy: 1.1% (197/17827)

Analogy by category:
gram8-plural: 4.4% (58/1332)
family: 2.9% (12/420)
gram6-nationality-adjective: 2.7% (41/1521)
gram5-present-participle: 1.8% (19/1056)
gram9-plural-verbs: 1.5% (13/870)
city-in-state: 1.2% (27/2330)
capital-common-countries: 0.8% (4/506)
gram7-past-tense: 0.4% (6/1560)
capital-world: 0.3% (12/3564)
currency: 0.3% (2/596)
gram2-opposite: 0.3% (2/756)
gram3-comparative: 0.1% (1/1332)
gram1-adjective-to-adverb: 0.0% (0/992)
gram4-superlative: 0.0% (0/992)


==============
JOB STATISTICS
==============

JobID             State     AveRSS     MaxRSS
------------ ---------- ---------- ----------
5062259       COMPLETED
5062259.bat+  COMPLETED   6101648K   6101648K
5062259.ext+  COMPLETED          0          0

Job ID: 5062259
Cluster: umbrella
User/Group: 20231193/umbrella
State: COMPLETED (exit code 0)
Nodes: 1
Cores per node: 16
CPU Utilized: 1-23:05:43
CPU Efficiency: 65.08% of 3-00:21:52 core-walltime
Job Wall-clock time: 04:31:22
Memory Utilized: 5.82 GB
Memory Efficiency: 18.18% of 32.00 GB

If "OOM Killed" appears in the job output, or if any job step state
is "OUT_OF_MEMORY", you may have requested too little memory. Please
see https://supercomputing.tue.nl/documentation/kb/slurm/6/ for more
information.
