Train command: uv run python evaluate.py --model sgns --epochs 100 --dim 300 --neg 10 --lr 0.01

Vocab size: 13966
Training pairs: 9,081,120
Batch size: 512
Epoch 1/100, Loss: 3.3216
Epoch 2/100, Loss: 3.0038
Epoch 3/100, Loss: 2.9603
Epoch 4/100, Loss: 2.9275
Epoch 5/100, Loss: 2.9002
Epoch 6/100, Loss: 2.8764
Epoch 7/100, Loss: 2.8548
Epoch 8/100, Loss: 2.8348
Epoch 9/100, Loss: 2.8159
Epoch 10/100, Loss: 2.7978
Epoch 11/100, Loss: 2.7800
Epoch 12/100, Loss: 2.7629
Epoch 13/100, Loss: 2.7464
Epoch 14/100, Loss: 2.7304
Epoch 15/100, Loss: 2.7149
Epoch 16/100, Loss: 2.7002
Epoch 17/100, Loss: 2.6864
Epoch 18/100, Loss: 2.6734
Epoch 19/100, Loss: 2.6610
Epoch 20/100, Loss: 2.6493
Epoch 21/100, Loss: 2.6388
Epoch 22/100, Loss: 2.6289
Epoch 23/100, Loss: 2.6197
Epoch 24/100, Loss: 2.6116
Epoch 25/100, Loss: 2.6040
Epoch 26/100, Loss: 2.5969
Epoch 27/100, Loss: 2.5901
Epoch 28/100, Loss: 2.5843
Epoch 29/100, Loss: 2.5789
Epoch 30/100, Loss: 2.5736
Epoch 31/100, Loss: 2.5693
Epoch 32/100, Loss: 2.5650
Epoch 33/100, Loss: 2.5613
Epoch 34/100, Loss: 2.5573
Epoch 35/100, Loss: 2.5543
Epoch 36/100, Loss: 2.5513
Epoch 37/100, Loss: 2.5484
Epoch 38/100, Loss: 2.5456
Epoch 39/100, Loss: 2.5437
Epoch 40/100, Loss: 2.5411
Epoch 41/100, Loss: 2.5391
Epoch 42/100, Loss: 2.5371
Epoch 43/100, Loss: 2.5358
Epoch 44/100, Loss: 2.5339
Epoch 45/100, Loss: 2.5323
Epoch 46/100, Loss: 2.5308
Epoch 47/100, Loss: 2.5293
Epoch 48/100, Loss: 2.5282
Epoch 49/100, Loss: 2.5269
Epoch 50/100, Loss: 2.5261
Epoch 51/100, Loss: 2.5247
Epoch 52/100, Loss: 2.5237
Epoch 53/100, Loss: 2.5230
Epoch 54/100, Loss: 2.5221
Epoch 55/100, Loss: 2.5211
Epoch 56/100, Loss: 2.5203
Epoch 57/100, Loss: 2.5198
Epoch 58/100, Loss: 2.5187
Epoch 59/100, Loss: 2.5181
Epoch 60/100, Loss: 2.5173
Epoch 61/100, Loss: 2.5168
Epoch 62/100, Loss: 2.5164
Epoch 63/100, Loss: 2.5158
Epoch 64/100, Loss: 2.5148
Epoch 65/100, Loss: 2.5144
Epoch 66/100, Loss: 2.5140
Epoch 67/100, Loss: 2.5135
Epoch 68/100, Loss: 2.5131
Epoch 69/100, Loss: 2.5127
Epoch 70/100, Loss: 2.5125
Epoch 71/100, Loss: 2.5118
Epoch 72/100, Loss: 2.5115
Epoch 73/100, Loss: 2.5113
Epoch 74/100, Loss: 2.5108
Epoch 75/100, Loss: 2.5105
Epoch 76/100, Loss: 2.5101
Epoch 77/100, Loss: 2.5099
Epoch 78/100, Loss: 2.5096
Epoch 79/100, Loss: 2.5091
Epoch 80/100, Loss: 2.5089
Epoch 81/100, Loss: 2.5085
Epoch 82/100, Loss: 2.5083
Epoch 83/100, Loss: 2.5081
Epoch 84/100, Loss: 2.5079
Epoch 85/100, Loss: 2.5076
Epoch 86/100, Loss: 2.5070
Epoch 87/100, Loss: 2.5072
Epoch 88/100, Loss: 2.5067
Epoch 89/100, Loss: 2.5068
Epoch 90/100, Loss: 2.5063
Epoch 91/100, Loss: 2.5062
Epoch 92/100, Loss: 2.5060
Epoch 93/100, Loss: 2.5058
Epoch 94/100, Loss: 2.5055
Epoch 95/100, Loss: 2.5055
Epoch 96/100, Loss: 2.5052
Epoch 97/100, Loss: 2.5050
Epoch 98/100, Loss: 2.5051
Epoch 99/100, Loss: 2.5046
Epoch 100/100, Loss: 2.5044

Results:
Train time: 8663.7s
Vocab size: 13,966
Loss: [3.32156279409484, 3.0037729458988935, 2.9603016447910275, 2.9274898235748252, 2.900246776153439, 2.8764393644727133, 2.8548153071027507, 2.834848871938749, 2.8159140350377174, 2.7978416786599314, 2.7799548827057916, 2.7629121343695786, 2.746447189547916, 2.7303763792479856, 2.714877944136961, 2.700213170223145, 2.6863733572863686, 2.6733558581525103, 2.660951721899024, 2.649267964568592, 2.638809166112447, 2.6289488897580133, 2.619747690952989, 2.61163663319811, 2.6039772490527464, 2.596903426572773, 2.590137364415224, 2.584308636991768, 2.5789057316545976, 2.573643859543099, 2.569334754018533, 2.5649764655749387, 2.5613209891320747, 2.5573263648032434, 2.5543234088822957, 2.551309493200618, 2.54843766548051, 2.5456008407146795, 2.543691909094885, 2.5410764797903367, 2.539104426272174, 2.537121773845, 2.5357530384563267, 2.533942537108648, 2.532307438599444, 2.530838108540016, 2.529296533902519, 2.5281991485864754, 2.5269426214027018, 2.526096981342134, 2.5246625510472462, 2.5236833883134, 2.523007442316554, 2.5220552665017117, 2.5210854517863326, 2.5202729173864364, 2.5198307148106966, 2.51873891616026, 2.518097745168547, 2.51725639836309, 2.516805995816233, 2.5163716673936682, 2.515790926890907, 2.514824460259683, 2.51436735003731, 2.5139826750160106, 2.513479513827334, 2.5130786491522055, 2.5127206172886236, 2.5125145124527357, 2.5117612925185524, 2.511526636270094, 2.5113414784616195, 2.5108022081850025, 2.510458302826276, 2.5101326332485328, 2.5098965690129535, 2.5095829760233292, 2.509126277192511, 2.5088668442601603, 2.5085070822528683, 2.5082855096297454, 2.508128761345307, 2.507875057838977, 2.5076338251884556, 2.5069766831239564, 2.5071853931330885, 2.5066927965785855, 2.5068411508676958, 2.506259393746059, 2.506152469784803, 2.506030549621313, 2.5057538402103257, 2.5055151103968822, 2.505535485726269, 2.5051854547013406, 2.5050477536304854, 2.5051182823701903, 2.504576244271256, 2.5044275639496543]
WordSim-353: spearman rho=0.500 (276/353)
SimLex-999: spearman rho=0.139 (734/999)
Analogy: 0.2% (12/5737)

Analogy by category:
family: 2.2% (4/182)
capital-common-countries: 0.5% (1/182)
city-in-state: 0.4% (1/230)
capital-world: 0.4% (1/236)
gram6-nationality-adjective: 0.3% (4/1161)
gram7-past-tense: 0.1% (1/812)
currency: 0.0% (0/28)
gram1-adjective-to-adverb: 0.0% (0/420)
gram2-opposite: 0.0% (0/56)
gram3-comparative: 0.0% (0/756)
gram4-superlative: 0.0% (0/306)
gram5-present-participle: 0.0% (0/462)
gram8-plural: 0.0% (0/600)
gram9-plural-verbs: 0.0% (0/306)


==============
JOB STATISTICS
==============

JobID             State     AveRSS     MaxRSS
------------ ---------- ---------- ----------
5061815       COMPLETED
5061815.bat+  COMPLETED    813152K    813152K
5061815.ext+  COMPLETED          0          0

Job ID: 5061815
Cluster: umbrella
User/Group: 20231193/umbrella
State: COMPLETED (exit code 0)
Nodes: 1
Cores per node: 8
CPU Utilized: 17:05:52
CPU Efficiency: 88.44% of 19:20:00 core-walltime
Job Wall-clock time: 02:25:00
Memory Utilized: 794.09 MB
Memory Efficiency: 2.42% of 32.00 GB

If "OOM Killed" appears in the job output, or if any job step state
is "OUT_OF_MEMORY", you may have requested too little memory. Please
see https://supercomputing.tue.nl/documentation/kb/slurm/6/ for more
information.
